@V@/COPYING.LIBGLOSS @V@/COPYING.GLOSS
@V@/bfd/ChangeLog-9193 @V@/bfd/ChangeLog.9193
@V@/bfd/ChangeLog-9495 @V@/bfd/ChangeLog.9495
@V@/bfd/ChangeLog-9697 @V@/bfd/ChangeLog.9697
@V@/bfd/ChangeLog-9899 @V@/bfd/ChangeLog.9899
@V@/bfd/ChangeLog-0001 @V@/bfd/ChangeLog.0001
@V@/bfd/ChangeLog-0203 @V@/bfd/ChangeLog.0203
@V@/bfd/ChangeLog-2004 @V@/bfd/ChangeLog.004
@V@/bfd/ChangeLog-2005 @V@/bfd/ChangeLog.005
@V@/bfd/ChangeLog-2006 @V@/bfd/ChangeLog.006
@V@/bfd/ChangeLog-2007 @V@/bfd/ChangeLog.007
@V@/bfd/ChangeLog-2008 @V@/bfd/ChangeLog.008
@V@/bfd/doc/ChangeLog-9103 @V@/bfd/ChangeLog.9103
@V@/bfd/coff-tic30.c @V@/bfd/cofftic30.c
@V@/bfd/coff-tic4x.c @V@/bfd/cofftic40.c
@V@/bfd/coff-tic54x.c @V@/bfd/cofftic54x.c
@V@/bfd/coff-tic80.c @V@/bfd/cofftic80.c
@V@/bfd/cpu-cr16.c @V@/bfd/cpucr16.c
@V@/bfd/cpu-cr16c.c @V@/bfd/cpucr16c.c
@V@/bfd/cpu-ia64-opc.c @V@/bfd/cpuia64-opc.c
@V@/bfd/cpu-microblaze.c @V@/bfd/cpumb.c
@V@/bfd/cpu-m68hc11.c @V@/bfd/cm68hc11.c
@V@/bfd/cpu-m68hc12.c @V@/bfd/cm68hc12.c
@V@/bfd/efi-app-ia32.c @V@/bfd/efiia32app.c
@V@/bfd/efi-app-ia64.c @V@/bfd/efiia64app.c
@V@/bfd/efi-bsdrv-ia32.c @V@/bfd/efiia32bsdrv.c
@V@/bfd/efi-bsdrv-ia64.c @V@/bfd/efiia64bsdrv.c
@V@/bfd/efi-rtdrv-ia32.c @V@/bfd/efiia32rtdrv.c
@V@/bfd/efi-rtdrv-ia64.c @V@/bfd/efiia64rtdrv.c
@V@/bfd/elf32-arc.c @V@/bfd/elf32arc.c
@V@/bfd/elf32-crx.c @V@/bfd/elf32crx.c
@V@/bfd/elf32-cris.c @V@/bfd/elf32cris.c
@V@/bfd/elf32-cr16c.c @V@/bfd/elf32cr16c.c
@V@/bfd/elf32-fr30.c @V@/bfd/elf32f30.c
@V@/bfd/elf32-frv.c @V@/bfd/elf32fv.c
@V@/bfd/elf32-i370.c @V@/bfd/e32i370.c
@V@/bfd/elf32-i386.c @V@/bfd/e32i86.c
@V@/bfd/elf32-microblaze.c @V@e32mb.c
@V@/bfd/elf32-m32c.c @V@/bfd/em32c.c
@V@/bfd/elf32-m32r.c @V@/bfd/em32r.c
@V@/bfd/elf32-m68hc11.c @V@/bfd/em68hc11.c
@V@/bfd/elf32-m68hc12.c @V@/bfd/em68hc12.c
@V@/bfd/elf32-m68hc1x.c @V@/bfd/em68hc1x.c
@V@/bfd/elf32-m68k.c @V@/bfd/em68k.c
@V@/bfd/elf32-microblaze.c @V@/bfd/emicroblaze.c
@V@/bfd/elf32-ppc.c @V@/bfd/e32ppc.c
@V@/bfd/elf32-sh.c @V@/bfd/e32sh.c
@V@/bfd/elf32-score.c @V@/bfd/e32score.c
@V@/bfd/elf32-sh64.c @V@/bfd/e32sh64.c
@V@/bfd/elf32-sh-relocs.c @V@/bfd/e32sh-relocs.c
@V@/bfd/elf32-sh-relocs.h @V@/bfd/e32sh-relocs.h
@V@/bfd/elf32-sh-symbian.c @V@/bfd/e32sh-symbian.c
@V@/bfd/elf32-sh64-com.c @V@/bfd/e32sh64-com.c
@V@/bfd/elf32-sparc.c @V@/bfd/e32sparc.c
@V@/bfd/elf32-spu.c @V@/bfd/e32spu.c
@V@/bfd/elf64-alpha.c @V@/bfd/e64alphf.c
@V@/bfd/elf64-sh64.c @V@/bfd/e64sh64.c
@V@/config/bootstrap-O1.mk @V@/config/boot-O1.mk
@V@/config/bootstrap-O3.mk @V@/config/boot-O3.mk
@V@/config/bootstrap-debug-big.mk @V@/config/boot-dbig.mk
@V@/config/bootstrap-debug-ckovw.mk @V@/config/boot-bckovw.mk
@V@/config/bootstrap-debug-lean.mk @V@/config/boot-dlean.mk
@V@/config/bootstrap-debug-lib.mk @V@/config/boot-dlib.mk
@V@/config/bootstrap-debug.mk @V@/config/boot-debug.mk
@V@/config/bootstrap-time.mk @V@/config/boot-time.mk
@V@/config/inttypes-pri.m4 @V@/config/pri-inttypes.m4
@V@/config/inttypes_h.m4 @V@/config/uintmax-inttypes.m4
@V@/config/mt-mips-elfoabi @V@/config/mt-elfoabi-mips
@V@/config/mt-mips-gnu @V@/config/mt-gnu-mips
@V@/dejagnu/baseboards/mn10200-cygmon.exp @V@/dejagnu/baseboards/mn10200cygmon.exp
@V@/dejagnu/baseboards/mn10200-sim.exp @V@/dejagnu/baseboards/mn10200sim.exp
@V@/dejagnu/baseboards/mn10300-cygmon.exp @V@/dejagnu/baseboards/mn10300cygmon.exp
@V@/dejagnu/baseboards/mn10300-sim.exp @V@/dejagnu/baseboards/mn10300sim.exp
@V@/dejagnu/baseboards/powerpc-bug1.exp @V@/dejagnu/baseboards/powerpc1-bug.exp
@V@/dejagnu/baseboards/powerpc-sim.exp @V@/dejagnu/baseboards/powerpcsim.exp
@V@/dejagnu/baseboards/sparclite-coff.exp @V@/dejagnu/baseboards/sl-coff.exp
@V@/dejagnu/baseboards/sparclite-cygmon.exp @V@/dejagnu/baseboards/sl-cygmon.exp
@V@/dejagnu/baseboards/sparclite-sim-le.exp @V@/dejagnu/baseboards/sl-sim-le.exp
@V@/dejagnu/baseboards/sparclite-sim.exp @V@/dejagnu/baseboards/sl-sim.exp
@V@/dejagnu/contrib/test-g++ @V@/dejagnu/contrib/test-gxx
@V@/dejagnu/example/calc/calc.h.in @V@/dejagnu/example/calc/calc.h-in
@V@/expect/Dbg_cf.h.in @V@/expect/Dbg_cf.h-in
@V@/expect/example/beer.exp.out @V@/expect/example/beer_exp.out
@V@/expect/example/chesslib++.c @V@/expect/example/chesslibxx.c
@V@/expect/example/chesslib.c @V@/expect/example/chesslb.c
@V@/expect/example/chesslib2.c @V@/expect/example/chesslb2.c
@V@/expect/example/chesslibxx.c @V@/expect/example/chesslbxx.c
@V@/expect/exp_main_sub.c @V@/expect/exp_m_sub.c
@V@/expect/exp_main_tk.c @V@/expect/exp_m_tk.c
@V@/expect/expect_cf.h.in @V@/expect/expect_cf.h-in
@V@/gdb/ChangeLog-1990 @V@/gdb/ChangeLog.90
@V@/gdb/ChangeLog-1991 @V@/gdb/ChangeLog.91
@V@/gdb/ChangeLog-1992 @V@/gdb/ChangeLog.92
@V@/gdb/ChangeLog-1993 @V@/gdb/ChangeLog.93
@V@/gdb/ChangeLog-1994 @V@/gdb/ChangeLog.94
@V@/gdb/ChangeLog-1995 @V@/gdb/ChangeLog.95
@V@/gdb/ChangeLog-1996 @V@/gdb/ChangeLog.96
@V@/gdb/ChangeLog-1997 @V@/gdb/ChangeLog.97
@V@/gdb/ChangeLog-1998 @V@/gdb/ChangeLog.98
@V@/gdb/ChangeLog-1999 @V@/gdb/ChangeLog.99
@V@/gdb/ChangeLog-2000 @V@/gdb/ChangeLog.000
@V@/gdb/ChangeLog-2001 @V@/gdb/ChangeLog.001
@V@/gdb/ChangeLog-2002 @V@/gdb/ChangeLog.002
@V@/gdb/ChangeLog-2003 @V@/gdb/ChangeLog.003
@V@/gdb/ChangeLog-2004 @V@/gdb/ChangeLog.004
@V@/gdb/ChangeLog-2005 @V@/gdb/ChangeLog.005
@V@/gdb/ChangeLog-2006 @V@/gdb/ChangeLog.006
@V@/gdb/ChangeLog-2007 @V@/gdb/ChangeLog.007
@V@/gdb/ChangeLog-2008 @V@/gdb/ChangeLog.008
@V@/gdb/ChangeLog-2009 @V@/gdb/ChangeLog.009
@V@/gdb/ChangeLog-2010 @V@/gdb/ChangeLog.010
@V@/gdb/ChangeLog-2011 @V@/gdb/ChangeLog.011
@V@/gdb/ChangeLog-2012 @V@/gdb/ChangeLog.012
@V@/gdb/ChangeLog-2013 @V@/gdb/ChangeLog.013
@V@/gdb/ChangeLog-2014 @V@/gdb/ChangeLog.014
@V@/gdb/ChangeLog-2015 @V@/gdb/ChangeLog.015
@V@/gdb/ChangeLog-2016 @V@/gdb/ChangeLog.016
@V@/gdb/ChangeLog-2017 @V@/gdb/ChangeLog.017
@V@/gdb/ChangeLog-2018 @V@/gdb/ChangeLog.018
@V@/gdb/ChangeLog-2019 @V@/gdb/ChangeLog.019
@V@/gdb/ChangeLog-2020 @V@/gdb/ChangeLog.020
@V@/gdb/ChangeLog-2021 @V@/gdb/ChangeLog.021
@V@/gdb/ChangeLog-3.x @V@/gdb/ChangeLog.3-x
@V@/gdb/ada-exp.tab.c @V@/gdb/ada-exp_tab.c
@V@/gdb/amd64-windows-nat.c @V@/gdb/a64w-nat.c
@V@/gdb/amd64-windows-tdep.c @V@/gdb/a64w-tdep.c
@V@/gdb/amd64-fbsd-nat.c @V@/gdb/a64fb-nat.c
@V@/gdb/amd64-fbsd-tdep.c @V@/gdb/a64fb-tdep.c
@V@/gdb/amd64-nbsd-nat.c @V@/gdb/a64nb-nat.c
@V@/gdb/amd64-nbsd-tdep.c @V@/gdb/a64nb-tdep.c
@V@/gdb/amd64-obsd-nat.c @V@/gdb/a64ob-nat.c
@V@/gdb/amd64-obsd-tdep.c @V@/gdb/a64ob-tdep.c
@V@/gdb/alpha-bsd-nat.c @V@/gdb/alphb-nat.c
@V@/gdb/alpha-bsd-tdep.c @V@/gdb/alphb-tdep.c
@V@/gdb/alpha-nbsd-tdep.c @V@/gdb/alphnb-tdep.c
@V@/gdb/alpha-linux-nat.c @V@/gdb/alphl-nat.c
@V@/gdb/alpha-linux-tdep.c @V@/gdb/alphl-tdep.c
@V@/gdb/arm-linux-nat.c @V@/gdb/armlin-nat.c
@V@/gdb/arm-linux-tdep.c @V@/gdb/armlin-tdep.c
@V@/gdb/arm-nbsd-nat.c @V@/gdb/armnbd-nat.c
@V@/gdb/arm-nbsd-tdep.c @V@/gdb/armnbd-tdep.c
@V@/gdb/c-exp.tab.c @V@/gdb/c-exp_tab.c
@V@/gdb/config/alpha/tm-alphalinux.h @V@/gdb/config/alpha/tm-alplinux.h
@V@/gdb/config/i386/nm-cygwin64.h @V@/gdb/config/i386/nm-cyg64.h
@V@/gdb/config/i386/nm-linux64.h @V@/gdb/config/i386/nm-lx64.h
@V@/gdb/config/i386/nm-i386sco4.h @V@/gdb/config/i386/nm-sco4.h
@V@/gdb/config/i386/nm-i386sco5.h @V@/gdb/config/i386/nm-sco5.h
@V@/gdb/config/i386/nm-i386v4.h @V@/gdb/config/i386/nm-v4.h
@V@/gdb/config/i386/nm-i386v42mp.h @V@/gdb/config/i386/nm-v42mp.h
@V@/gdb/config/i386/tm-i386sol2.h @V@/gdb/config/i386/tm-sol2.h
@V@/gdb/config/i386/xm-i386v4.h @V@/gdb/config/i386/xm-v4.h
@V@/gdb/config/m88k/xm-delta88v4.h @V@/gdb/config/m88k/xm-d88v4.h
@V@/gdb/config/mips/tm-linux.h @V@/gdb/config/mips/tm-lx.h
@V@/gdb/config/pa/nm-hppah11.h @V@/gdb/config/pa/nm-hppa11.h
@V@/gdb/config/rs6000/tm-rs6000.h @V@/gdb/config/rs6000/tm-rs6k.h
@V@/gdb/config/rs6000/tm-rs6000ly.h @V@/gdb/config/rs6000/tm-rs6kly.h
@V@/gdb/config/sparc/tm-sparclynx.h @V@/gdb/config/sparc/tm-splynx.h
@V@/gdb/cp-names.c @V@/gdb/cpnames.c
@V@/gdb/darwin-nat.c @V@/gdb/drw-nat.c
@V@/gdb/darwin-nat-info.c @V@/gdb/drw-nat-info.c
@V@/gdb/features/mips64-cp0.xml @V@/gdb/features/mips64-0cp.xml
@V@/gdb/features/arm-vfpv2.xml @V@/gdb/features/armvfpv2.xml
@V@/gdb/features/arm-vfpv3.xml @V@/gdb/features/armvfpv3.xml
@V@/gdb/features/arm-with-iwmmxt.xml @V@/gdb/features/arm-iwmmxt.xml
@V@/gdb/features/arm-with-neon.xml @V@/gdb/features/arm-neon.xml
@V@/gdb/features/arm-with-iwmmxt.c @V@/gdb/features/arm-iwmmxt.c
@V@/gdb/features/arm-with-neon.c @V@/gdb/features/arm-neon.c
@V@/gdb/features/arm-with-vfpv2.xml @V@/gdb/features/arm-wv2.xml
@V@/gdb/features/arm-with-vfpv3.xml @V@/gdb/features/arm-wv3.xml
@V@/gdb/features/arm-with-vfpv2.c @V@/gdb/features/arm-wv2.c
@V@/gdb/features/arm-with-vfpv3.c @V@/gdb/features/arm-wv3.c
@V@/gdb/features/rs6000/power-fpu-isa205.xml @V@/gdb/features/rs6000/power-isa205.xml
@V@/gdb/features/rs6000/power64-core.xml @V@/gdb/features/rs6000/power64core.xml
@V@/gdb/features/rs6000/power64-linux.xml @V@/gdb/features/rs6000/power64linux.xml
@V@/gdb/features/rs6000/powerpc-32.c @V@/gdb/features/rs6000/ppc-32.c
@V@/gdb/features/rs6000/powerpc-32l.c @V@/gdb/features/rs6000/ppc-32l.c
@V@/gdb/features/rs6000/powerpc-403.c @V@/gdb/features/rs6000/ppc-403.c
@V@/gdb/features/rs6000/powerpc-403gc.c @V@/gdb/features/rs6000/ppc-403gc.c
@V@/gdb/features/rs6000/powerpc-505.c @V@/gdb/features/rs6000/ppc-505.c
@V@/gdb/features/rs6000/powerpc-601.c @V@/gdb/features/rs6000/ppc-601.c
@V@/gdb/features/rs6000/powerpc-602.c @V@/gdb/features/rs6000/ppc-602.c
@V@/gdb/features/rs6000/powerpc-603.c @V@/gdb/features/rs6000/ppc-603.c
@V@/gdb/features/rs6000/powerpc-604.c @V@/gdb/features/rs6000/ppc-604.c
@V@/gdb/features/rs6000/powerpc-64.c @V@/gdb/features/rs6000/ppc-64.c
@V@/gdb/features/rs6000/powerpc-64l.c @V@/gdb/features/rs6000/ppc-64l.c
@V@/gdb/features/rs6000/powerpc-7400.c @V@/gdb/features/rs6000/ppc-7400.c
@V@/gdb/features/rs6000/powerpc-750.c @V@/gdb/features/rs6000/ppc-7500.c
@V@/gdb/features/rs6000/powerpc-860.c @V@/gdb/features/rs6000/ppc-860.c
@V@/gdb/features/rs6000/powerpc-altivec32.c @V@/gdb/features/rs6000/ppc-a32.c
@V@/gdb/features/rs6000/powerpc-altivec32l.c @V@/gdb/features/rs6000/ppc-a32l.c
@V@/gdb/features/rs6000/powerpc-altivec64.c @V@/gdb/features/rs6000/ppc-a64.c
@V@/gdb/features/rs6000/powerpc-altivec64l.c @V@/gdb/features/rs6000/ppc-a64l.c
@V@/gdb/features/rs6000/powerpc-e500.c @V@/gdb/features/rs6000/ppc-e5h.c
@V@/gdb/features/rs6000/powerpc-e500l.c @V@/gdb/features/rs6000/ppc-e5hl.c
@V@/gdb/features/rs6000/powerpc-isa205-32l.c @V@/gdb/features/rs6000/ppc-is32.c
@V@/gdb/features/rs6000/powerpc-isa205-64l.c @V@/gdb/features/rs6000/ppc-is64.c
@V@/gdb/features/rs6000/powerpc-isa205-altivec32l.c @V@/gdb/features/rs6000/ppcia32l.c
@V@/gdb/features/rs6000/powerpc-isa205-altivec64l.c @V@/gdb/features/rs6000/ppcia64l.c
@V@/gdb/features/rs6000/powerpc-isa205-vsx32l.c @V@/gdb/features/rs6000/ppciv32l.c
@V@/gdb/features/rs6000/powerpc-isa205-vsx64l.c @V@/gdb/features/rs6000/ppciv64l.c
@V@/gdb/features/rs6000/powerpc-vsx32.c @V@/gdb/features/rs6000/ppc-v32.c
@V@/gdb/features/rs6000/powerpc-vsx32l.c @V@/gdb/features/rs6000/ppc-v32l.c
@V@/gdb/features/rs6000/powerpc-vsx64.c @V@/gdb/features/rs6000/ppc-v64.c
@V@/gdb/features/rs6000/powerpc-vsx64l.c @V@/gdb/features/rs6000/ppc-v64l.c
@V@/gdb/features/rs6000/powerpc-32.xml @V@/gdb/features/rs6000/ppc-32.xml
@V@/gdb/features/rs6000/powerpc-32l.xml @V@/gdb/features/rs6000/ppc-32l.xml
@V@/gdb/features/rs6000/powerpc-403.xml @V@/gdb/features/rs6000/ppc-403.xml
@V@/gdb/features/rs6000/powerpc-403gc.xml @V@/gdb/features/rs6000/ppc-403gc.xml
@V@/gdb/features/rs6000/powerpc-505.xml @V@/gdb/features/rs6000/ppc-505.xml
@V@/gdb/features/rs6000/powerpc-601.xml @V@/gdb/features/rs6000/ppc-601.xml
@V@/gdb/features/rs6000/powerpc-602.xml @V@/gdb/features/rs6000/ppc-602.xml
@V@/gdb/features/rs6000/powerpc-603.xml @V@/gdb/features/rs6000/ppc-603.xml
@V@/gdb/features/rs6000/powerpc-604.xml @V@/gdb/features/rs6000/ppc-604.xml
@V@/gdb/features/rs6000/powerpc-64.xml @V@/gdb/features/rs6000/ppc-64.xml
@V@/gdb/features/rs6000/powerpc-64l.xml @V@/gdb/features/rs6000/ppc-64l.xml
@V@/gdb/features/rs6000/powerpc-7400.xml @V@/gdb/features/rs6000/ppc-7400.xml
@V@/gdb/features/rs6000/powerpc-750.xml @V@/gdb/features/rs6000/ppc-7500.xml
@V@/gdb/features/rs6000/powerpc-860.xml @V@/gdb/features/rs6000/ppc-860.xml
@V@/gdb/features/rs6000/powerpc-altivec32.xml @V@/gdb/features/rs6000/ppc-a32.xml
@V@/gdb/features/rs6000/powerpc-altivec32l.xml @V@/gdb/features/rs6000/ppc-a32l.xml
@V@/gdb/features/rs6000/powerpc-altivec64.xml @V@/gdb/features/rs6000/ppc-a64.xml
@V@/gdb/features/rs6000/powerpc-altivec64l.xml @V@/gdb/features/rs6000/ppc-a64l.xml
@V@/gdb/features/rs6000/powerpc-e500.xml @V@/gdb/features/rs6000/ppc-e5h.xml
@V@/gdb/features/rs6000/powerpc-e500l.xml @V@/gdb/features/rs6000/ppc-e5hl.xml
@V@/gdb/features/rs6000/powerpc-isa205-32l.xml @V@/gdb/features/rs6000/ppc-is32.xml
@V@/gdb/features/rs6000/powerpc-isa205-64l.xml @V@/gdb/features/rs6000/ppc-is64.xml
@V@/gdb/features/rs6000/powerpc-isa205-altivec32l.xml @V@/gdb/features/rs6000/ppcia32l.xml
@V@/gdb/features/rs6000/powerpc-isa205-altivec64l.xml @V@/gdb/features/rs6000/ppcia64l.xml
@V@/gdb/features/rs6000/powerpc-isa205-vsx32l.xml @V@/gdb/features/rs6000/ppciv32l.xml
@V@/gdb/features/rs6000/powerpc-isa205-vsx64l.xml @V@/gdb/features/rs6000/ppciv64l.xml
@V@/gdb/features/rs6000/powerpc-vsx32.xml @V@/gdb/features/rs6000/ppc-v32.xml
@V@/gdb/features/rs6000/powerpc-vsx32l.xml @V@/gdb/features/rs6000/ppc-v32l.xml
@V@/gdb/features/rs6000/powerpc-vsx64.xml @V@/gdb/features/rs6000/ppc-v64.xml
@V@/gdb/features/rs6000/powerpc-vsx64l.xml @V@/gdb/features/rs6000/ppc-v64l.xml
@V@/gdb/features/i386/amd64-avx-linux.c @V@/gdb/features/i386/a64-al.c
@V@/gdb/features/i386/amd64-avx.c @V@/gdb/features/i386/a64-a.c
@V@/gdb/features/i386/amd64-avx-linux.xml @V@/gdb/features/i386/a64-al.xml
@V@/gdb/features/i386/amd64-avx.xml @V@/gdb/features/i386/a64-a.xml
@V@/gdb/features/i386/i386-avx-linux.c @V@/features/i386/i32-al.c
@V@/gdb/features/i386/i386-avx.c @V@/gdb/features/i386/i32-a.c
@V@/gdb/features/i386/i386-avx-linux.xml @V@/gdb/features/i386/i32-al.xml
@V@/gdb/features/i386/i386-avx.xml @V@/gdb/features/i386/i32-a.xml
@V@/gdb/features/i386/i386-mmx-linux.c @V@/features/i386/i32-ml.c
@V@/gdb/features/i386/i386-mmx.c @V@/gdb/features/i386/i32-m.c
@V@/gdb/features/i386/i386-mmx-linux.xml @V@/gdb/features/i386/i32-ml.xml
@V@/gdb/features/i386/i386-mmx.xml @V@/gdb/features/i386/i32-m.xml
@V@/gdb/features/tic6x-core.xml @V@/gdb/features/c6x-core.xml 
@V@/gdb/features/tic6x-gp.xml @V@/gdb/features/c6x-gp.xml
@V@/gdb/features/tic6x-c6xp.xml @V@/gdb/features/c6x-c6xp.xml
@V@/gdb/features/tic6x-c62x.xml @V@/gdb/features/c6x-62x.xml
@V@/gdb/features/tic6x-c64x.xml @V@/gdb/features/c6x-64x.xml
@V@/gdb/features/tic6x-c64xp.xml @V@/gdb/features/c6xc64xp.xml
@V@/gdb/features/tic6x-c64xp.c @V@/gdb/features/c6xc64xp.c
@V@/gdb/features/tic6x-c64x.c @V@/gdb/features/c6x-64x.c
@V@/gdb/features/tic6x-c62x.c @V@/gdb/features/c6x-62x.c
@V@/gdb/features/tic6x-c62x-linux.xml @V@/gdb/features/c6x-62xl.xml
@V@/gdb/features/tic6x-c64x-linux.xml @V@/gdb/features/c6x-64xl.xml
@V@/gdb/features/tic6x-c64xp-linux.xml @V@/gdb/features/c6x64xpl.xml
@V@/gdb/features/tic6x-c64xp-linux.c @V@/gdb/features/c6x64xpl.c
@V@/gdb/features/tic6x-c64x-linux.c @V@/gdb/features/c6x-64xl.c
@V@/gdb/features/tic6x-c62x-linux.c @V@/gdb/features/c6x-62xl.c
@V@/gdb/f-exp.tab.c @V@/gdb/f-exp_tab.c
@V@/gdb/gdbserver/linux-cris-low.c @V@/gdb/gdbserver/lx-cris.c
@V@/gdb/gdbserver/linux-crisv32-low.c @V@/gdb/gdbserver/lx-cris32.c
@V@/gdb/gdbserver/linux-ppc-low.c @V@/gdb/gdbserver/lx-ppc-low.c
@V@/gdb/gdbserver/linux-ppc64-low.c @V@/gdb/gdbserver/lx-ppc64-low.c
@V@/gdb/gdbtk/ChangeLog-2001 @V@/gdb/gdbtk/ChangeLog.001
@V@/gdb/gdbtk/ChangeLog-2002 @V@/gdb/gdbtk/ChangeLog.002
@V@/gdb/gdbtk/ChangeLog-2003 @V@/gdb/gdbtk/ChangeLog.003
@V@/gdb/gdbtk/generic/ChangeLog-1997 @V@/gdb/gdbtk/generic/ChangeLog.97
@V@/gdb/gdbtk/generic/ChangeLog-1998 @V@/gdb/gdbtk/generic/ChangeLog.98
@V@/gdb/gdbtk/generic/ChangeLog-1999 @V@/gdb/gdbtk/generic/ChangeLog.99
@V@/gdb/gdbtk/generic/ChangeLog-2000 @V@/gdb/gdbtk/generic/ChangeLog.000
@V@/gdb/gdbtk/generic/gdbtk-varobj.c @V@/gdb/gdbtk/generic/gdbtk-vobj.c
@V@/gdb/gdbtk/library/ChangeLog-1997 @V@/gdb/gdbtk/library/ChangeLog.97
@V@/gdb/gdbtk/library/ChangeLog-1998 @V@/gdb/gdbtk/library/ChangeLog.98
@V@/gdb/gdbtk/library/ChangeLog-1999 @V@/gdb/gdbtk/library/ChangeLog.99
@V@/gdb/gdbtk/library/ChangeLog-2000 @V@/gdb/gdbtk/library/ChangeLog.000
@V@/gdb/gdbtk/plugins/intel-pentium/intel-pentium.tcl.in @V@/gdb/gdbtk/plugins/intel-pentium/intel-pentium.t-in
@V@/gdb/gdbtk/plugins/rhabout/rhabout.tcl.in @V@/gdb/gdbtk/plugins/rhabout/rhabout.t-in
@V@/gdb/hppa-bsd-nat.c @V@/gdb/hppab-nat.c
@V@/gdb/hppa-bsd-tdep.c @V@/gdb/hppab-tdep.c
@V@/gdb/hpp-nbsd-nat.c @V@/gdb/hppnb-nat.c
@V@/gdb/hpp-nbsd-tdep.c @V@/gdb/hppnb-tdep.c
@V@/gdb/i386-darwin-nat.c @V@/gdb/i386dw-nat.c
@V@/gdb/i386-darwin-tdep.c @V@/gdb/i386dw-tdep.c
@V@/gdb/i386-linux-tdep.c @V@/gdb/i386lx-tdep.c
@V@/gdb/i386-linux-nat.c @V@/gdb/i386lx-nat.c
@V@/gdb/i386-bsd-nat.c @V@/gdb/i3bsd-nat.c
@V@/gdb/i386-bsd-tdep.c @V@/gdb/i3bsd-tdep.c
@V@/gdb/i386-fbsd-nat.c @V@/gdb/i3fbsd-nat.c
@V@/gdb/i386-fbsd-tdep.c @V@/gdb/i3fbsd-tdep.c
@V@/gdb/i386-gnu-nat.c @V@/gdb/i3gnu-nat.c
@V@/gdb/i386-gnu-tdep.c @V@/gdb/i3gnu-tdep.c
@V@/gdb/i386-nbsd-tdep.c @V@/gdb/i3nbsd-tdep.c
@V@/gdb/i386-obsd-nat.c @V@/gdb/i3obsd-nat.c
@V@/gdb/i386-obsd-tdep.c @V@/gdb/i3obsd-tdep.c
@V@/gdb/i386-sol2-nat.c @V@/gdb/i3sol2-nat.c
@V@/gdb/i386-sol2-tdep.c @V@/gdb/i3sol2-tdep.c
@V@/gdb/ia64-aix-nat.c @V@/gdb/ia64ax-nat.c
@V@/gdb/ia64-aix-tdep.c @V@/gdb/ia64ax-tdep.c
@V@/gdb/ia64-linux-nat.c @V@/gdb/ia64lx-nat.c
@V@/gdb/ia64-linux-tdep.c @V@/gdb/ia64lx-tdep.c
@V@/gdb/jv-exp.tab.c @V@/gdb/jv-exp_tab.c
@V@/gdb/m2-exp.tab.c @V@/gdb/m2-exp_tab.c
@V@/gdb/m32r-linux-nat.c @V@/gdb/m32rlnxnat.c
@V@/gdb/m32r-linux-tdep.c @V@/gdb/m32rlnxtdep.c
@V@/gdb/m68k-linux-nat.c @V@/gdb/m68kl-nat.c
@V@/gdb/m68k-linux-tdep.c @V@/gdb/m68kl-tdep.c
@V@/gdb/m68k-bsd-nat.c @V@/gdb/m68bsd-nat.c
@V@/gdb/m68k-bsd-tdep.c @V@/gdb/m68bsd-tdep.c
@V@/gdb/m68k-nbsd-nat.c @V@/gdb/m6nbsd-nat.c
@V@/gdb/m68k-nbsd-tdep.c @V@/gdb/m6nbsd-tdep.c
@V@/gdb/microblaze-rom.c @V@/gdb/mb-rom.c
@V@/gdb/microblaze-linux-tdep.c @V@/gdb/mbl-tdep.c
@V@/gdb/microblaze-tdep.h @V@/gdb/mb-tdep.h
@V@/gdb/microblaze-tdep.c @V@/gdb/mb-tdep.c
@V@/gdb/mips-linux-nat.c @V@/gdb/mipslnxnat.c
@V@/gdb/mips-linux-tdep.c @V@/gdb/mipslnxtdep.c
@V@/gdb/mips-nbsd-nat.c @V@/gdb/mipsnbnat.c
@V@/gdb/mips-nbsd-tdep.c @V@/gdb/mipsnbtdep.c
@V@/gdb/mips64-obsd-nat.c @V@/gdb/mipsobnat.c
@V@/gdb/mips64-obsd-tdep.c @V@/gdb/mipsobtdep.c
@V@/gdb/mn10300-linux-tdep.c @V@/gdb/mn10300linux-tdep.c
@V@/gdb/ns32k-nbsd-nat.c @V@/gdb/ns32nb-nat.c
@V@/gdb/ns32k-nbsd-tdep.c @V@/gdb/ns32nb-tdep.c
@V@/gdb/objc-exp.tab.c @V@/gdb/objc-exp_tab.c
@V@/gdb/p-exp.tab.c @V@/gdb/p-exp_tab.c
@V@/gdb/ppc-linux-tdep.c @V@/gdb/ppc-lx-tdep.c
@V@/gdb/ppc-linux-nat.c @V@/gdb/ppc-lx-nat.c
@V@/gdb/ppc-nbsd-nat.c @V@/gdb/ppcnb-nat.c
@V@/gdb/ppc-nbsd-tdep.c @V@/gdb/ppcnb-tdep.c
@V@/gdb/ppc-obsd-nat.c @V@/gdb/ppcob-nat.c
@V@/gdb/ppc-obsd-tdep.c @V@/gdb/ppcob-tdep.c
@V@/gdb/regformats/arm-with-vfpv2.dat @V@/gdb/regformats/arm-wv2.dat
@V@/gdb/regformats/arm-with-vfpv3.dat @V@/gdb/regformats/arm-wv3.dat
@V@/gdb/regformats/arm-with-iwmmxt.dat @V@/gdb/regformats/arm-iwmmxt.dat
@V@/gdb/regformats/arm-with-neon.dat @V@/gdb/regformats/arm-neon.dat
@V@/gdb/regformats/reg-i386-linux.dat @V@/gdb/regformats/r-i386-lnx.dat
@V@/gdb/regformats/reg-x86-64-linux.dat @V@/gdb/regformats/r-x8664-linux.dat
@V@/gdb/regformats/reg-x86-64.dat @V@/gdb/regformats/r-x8664.dat
@V@/gdb/regformats/reg-s390x.dat @V@/gdb/regformats/r-s390x.dat
@V@/gdb/regformats/reg-cris.dat @V@/gdb/regformats/r-cris.dat
@V@/gdb/regformats/reg-crisv32.dat @V@/gdb/regformats/r-crisv32.dat
@V@/gdb/regformats/rs6000/powerpc-32l.dat @V@/gdb/regformats/rs6000/ppc-32l.dat
@V@/gdb/regformats/rs6000/powerpc-64l.dat @V@/gdb/regformats/rs6000/ppc-64l.dat
@V@/gdb/regformats/rs6000/powerpc-altivec32l.dat @V@/gdb/regformats/rs6000/ppc-a32l.dat
@V@/gdb/regformats/rs6000/powerpc-altivec64l.dat @V@/gdb/regformats/rs6000/ppc-a64l.dat
@V@/gdb/regformats/rs6000/powerpc-e500l.dat @V@/gdb/regformats/rs6000/ppc-e5hl.dat
@V@/gdb/regformats/rs6000/powerpc-isa205-32l.dat @V@/gdb/regformats/rs6000/ppc-i32l.dat
@V@/gdb/regformats/rs6000/powerpc-isa205-64l.dat @V@/gdb/regformats/rs6000/ppc-i64l.dat
@V@/gdb/regformats/rs6000/powerpc-isa205-altivec32l.dat @V@/gdb/regformats/rs6000/ppcia32l.dat
@V@/gdb/regformats/rs6000/powerpc-isa205-altivec64l.dat @V@/gdb/regformats/rs6000/ppcia64l.dat
@V@/gdb/regformats/rs6000/powerpc-isa205-vsx32l.dat @V@/gdb/regformats/rs6000/ppciv32l.dat
@V@/gdb/regformats/rs6000/powerpc-isa205-vsx64l.dat @V@/gdb/regformats/rs6000/ppciv64l.dat
@V@/gdb/regformats/rs6000/powerpc-vsx32l.dat @V@/gdb/regformats/rs6000/ppc-v32l.dat
@V@/gdb/regformats/rs6000/powerpc-vsx64l.dat @V@/gdb/regformats/rs6000/ppc-v64l.dat
@V@/gdb/regformats/tic6x-c62x.dat @V@/gdb/regformats/c6x-62x.dat
@V@/gdb/regformats/tic6x-c64x.dat @V@/gdb/regformats/c6x-64x.dat
@V@/gdb/regformats/tic6x-c64xp.dat @V@/gdb/regformats/c6xc64xp.dat
@V@/gdb/regformats/tic6x-c62x-linux.dat @V@/gdb/regformats/c6x-62xl.dat
@V@/gdb/regformats/tic6x-c64x-linux.dat @V@/gdb/regformats/c6x-64xl.dat
@V@/gdb/regformats/tic6x-c64xp-linux.dat @V@/gdb/regformats/c6x64xpl.dat
@V@/gdb/remote-e7000.c @V@/gdb/rmt-e7000.c
@V@/gdb/remote-est.c @V@/gdb/rmt-est.c
@V@/gdb/remote-mips.c @V@/gdb/rmt-mips.c
@V@/gdb/remote-rdi.c @V@/gdb/rmt-rdi.c
@V@/gdb/remote-rdp.c @V@/gdb/rmt-rdp.c
@V@/gdb/remote-sds.c @V@/gdb/rmt-sds.c
@V@/gdb/remote-sim.c @V@/gdb/rmt-sim.c
@V@/gdb/remote-st.c @V@/gdb/rmt-st.c
@V@/gdb/remote-vx.c @V@/gdb/rmt-vx.c
@V@/gdb/remote-vx68.c @V@/gdb/rmt-vx68.c
@V@/gdb/remote-vxmips.c @V@/gdb/rmt-vxmips.c
@V@/gdb/remote-vxsparc.c @V@/gdb/rmt-vxsparc.c
@V@/gdb/sparc64-fbsd-nat.c @V@/gdb/sp64fb-nat.c
@V@/gdb/sparc64-fbsd-tdep.c @V@/gdb/sp64fb-tdep.c
@V@/gdb/sparc64-nbsd-nat.c @V@/gdb/sp64nb-nat.c
@V@/gdb/sparc64-nbsd-tdep.c @V@/gdb/sp64nb-tdep.c
@V@/gdb/sparc64-linux-nat.c @V@/gdb/sp64lx-nat.c
@V@/gdb/sparc64-linux-tdep.c @V@/gdb/sp64lx-tdep.c
@V@/gdb/sparc64-nat.c @V@/gdb/sp64-nat.c
@V@/gdb/sparc64-tdep.c @V@/gdb/sp64-tdep.c
@V@/gdb/sparc64-sol2-tdep.c @V@/gdb/sp64s2-tdep.c
@V@/gdb/sparc-nbsd-nat.c @V@/gdb/spnb-nat.c
@V@/gdb/sparc-nbsd-tdep.c @V@/gdb/spnb-tdep.c
@V@/gdb/sparc-linux-nat.c @V@/gdb/splx-nat.c
@V@/gdb/sparc-linux-tdep.c @V@/gdb/splx-tdep.c
@V@/gdb/sparc-sol2-nat.c @V@/gdb/spsol2-nat.c
@V@/gdb/sparc-sol2-tdep.c @V@/gdb/spsol2-tdep.c
@V@/gdb/tic6x-tdep.c @V@/gdb/c6x-tdep.c
@V@/gdb/tic6x-tdep.h @V@/gdb/c6x-tdep.h
@V@/gdb/tic6x-linux-tdep.c @V@/gdb/c6xl-tdep.c
@V@/gdb/testsuite/.gdbinit @V@/gdb/testsuite/gdb.ini
@V@/gdb/testsuite/gdb.arch/altivec-abi.c @V@/gdb/testsuite/gdb.arch/av-abi.c
@V@/gdb/testsuite/gdb.arch/altivec-abi.exp @V@/gdb/testsuite/gdb.arch/av-abi.exp
@V@/gdb/testsuite/gdb.arch/altivec-regs.c @V@/gdb/testsuite/gdb.arch/av-regs.c
@V@/gdb/testsuite/gdb.arch/altivec-regs.exp @V@/gdb/testsuite/gdb.arch/av-regs.exp
@V@/gdb/testsuite/gdb.arch/i386-size-overlap.c @V@/gdb/testsuite/gdb.arch/i386-overlap-size.c
@V@/gdb/testsuite/gdb.arch/i386-size-overlap.exp @V@/gdb/testsuite/gdb.arch/i386-overlap-size.exp
@V@/gdb/testsuite/gdb.arch/powerpc-aix-prologue.exp @V@/gdb/testsuite/gdb.arch/ppcaprol.exp
@V@/gdb/testsuite/gdb.arch/powerpc-aix-prologue.c @V@/gdb/testsuite/gdb.arch/ppcaprol.c
@V@/gdb/testsuite/gdb.arch/powerpc-d128-regs.c @V@/gdb/testsuite/gdb.arch/ppc-d128-regs.c
@V@/gdb/testsuite/gdb.arch/powerpc-prologue.c @V@/gdb/testsuite/gdb.arch/ppc-prologue.c
@V@/gdb/testsuite/gdb.arch/powerpc-d128-regs.exp @V@/gdb/testsuite/gdb.arch/ppc-d128-regs.exp
@V@/gdb/testsuite/gdb.arch/powerpc-prologue.exp @V@/gdb/testsuite/gdb.arch/ppc-prologue.exp
@V@/gdb/testsuite/gdb.base/bitfields2.c @V@/gdb/testsuite/gdb.base/bitfiel2.c
@V@/gdb/testsuite/gdb.base/bitfields2.exp @V@/gdb/testsuite/gdb.base/bitfiel2.exp
@V@/gdb/testsuite/gdb.base/break-entry.exp @V@/gdb/testsuite/gdb.base/brkentry.exp
@V@/gdb/testsuite/gdb.base/break-fun-addr1.c @V@/gdb/testsuite/gdb.base/b-f-a1.c
@V@/gdb/testsuite/gdb.base/break-fun-addr2.c @V@/gdb/testsuite/gdb.base/b-f-a2.c
@V@/gdb/testsuite/gdb.base/coremaker2.c @V@/gdb/testsuite/gdb.base/core2maker.c
@V@/gdb/testsuite/gdb.base/hashline1.exp @V@/gdb/testsuite/gdb.base/hash1line.exp
@V@/gdb/testsuite/gdb.base/hashline2.exp @V@/gdb/testsuite/gdb.base/hash2line.exp
@V@/gdb/testsuite/gdb.base/hashline3.exp @V@/gdb/testsuite/gdb.base/hash3line.exp
@V@/gdb/testsuite/gdb.base/hook-stop-continue.c @V@/gdb/testsuite/gdb.base/hstop-continue.c
@V@/gdb/testsuite/gdb.base/hook-stop-frame.c @V@/gdb/testsuite/gdb.base/hstop-frame.c
@V@/gdb/testsuite/gdb.base/hook-stop-continue.exp @V@/gdb/testsuite/gdb.base/hstop-continue.exp
@V@/gdb/testsuite/gdb.base/hook-stop-frame.exp @V@/gdb/testsuite/gdb.base/hstop-frame.exp
@V@/gdb/testsuite/gdb.base/print-file-var-lib1.c @V@/gdb/testsuite/gdb.base/pfv-lib1.c
@V@/gdb/testsuite/gdb.base/print-file-var-lib2.c @V@/gdb/testsuite/gdb.base/pfv-lib2.c
@V@/gdb/testsuite/gdb.base/print-file-var-main.c @V@/gdb/testsuite/gdb.base/pfv-main.c
@V@/gdb/testsuite/gdb.base/print-file-var.exp @V@/gdb/testsuite/gdb.base/pfv.exp
@V@/gdb/testsuite/gdb.base/return-nodebug1.c @V@/gdb/testsuite/gdb.base/return-1nodebug.c
@V@/gdb/testsuite/gdb.base/siginfo-addr.c @V@/gdb/testsuite/gdb.base/si-addr.c
@V@/gdb/testsuite/gdb.base/siginfo-obj.c @V@/gdb/testsuite/gdb.base/si-obj.c
@V@/gdb/testsuite/gdb.base/siginfo-addr.exp @V@/gdb/testsuite/gdb.base/si-addr.exp
@V@/gdb/testsuite/gdb.base/siginfo-obj.exp @V@/gdb/testsuite/gdb.base/si-obj.exp
@V@/gdb/testsuite/gdb.base/solib-corrupted.exp @V@/gdb/testsuite/gdb.base/so-crptd.exp
@V@/gdb/testsuite/gdb.base/solib-disc.c @V@/gdb/testsuite/gdb.base/so-disc.c
@V@/gdb/testsuite/gdb.base/solib-display-lib.c @V@/gdb/testsuite/gdb.base/so-displib.c
@V@/gdb/testsuite/gdb.base/solib-display-main.c @V@/gdb/testsuite/gdb.base/so-dispmain.c
@V@/gdb/testsuite/gdb.base/solib-disc.exp @V@/gdb/testsuite/gdb.base/so-disc.exp
@V@/gdb/testsuite/gdb.base/solib-display-lib.exp @V@/gdb/testsuite/gdb.base/so-displib.exp
@V@/gdb/testsuite/gdb.base/solib-display-main.exp @V@/gdb/testsuite/gdb.base/so-dispmain.exp
@V@/gdb/testsuite/gdb.base/solib-symbol-lib.c @V@/gdb/testsuite/gdb.base/so-symlib.c
@V@/gdb/testsuite/gdb.base/solib-symbol-main.c @V@/gdb/testsuite/gdb.base/so-symmain.c
@V@/gdb/testsuite/gdb.base/solib-overlap-lib.c @V@/gdb/testsuite/gdb.base/so-ovrlib.c
@V@/gdb/testsuite/gdb.base/solib-overlap-main.c @V@/gdb/testsuite/gdb.base/so-ovrmain.c
@V@/gdb/testsuite/gdb.base/symbol-without-target_section.exp @V@/gdb/testsuite/gdb.base/symnosec.exp
@V@/gdb/testsuite/gdb.base/symbol-without-target_section.c @V@/gdb/testsuite/gdb.base/symnosec.c
@V@/gdb/testsuite/gdb.base/type-opaque-lib.c @V@/gdb/testsuite/gdb.base/ty-opqlib.c
@V@/gdb/testsuite/gdb.base/type-opaque-main.c @V@/gdb/testsuite/gdb.base/ty-opqmain.c
@V@/gdb/testsuite/gdb.base/watchpoint-hw.c @V@/gdb/testsuite/gdb.base/wp-hw.c
@V@/gdb/testsuite/gdb.base/watchpoint-solib-shr.c @V@/gdb/testsuite/gdb.base/wp-shr-solib.c
@V@/gdb/testsuite/gdb.base/watchpoint-solib.c @V@/gdb/testsuite/gdb.base/wp-solib.c
@V@/gdb/testsuite/gdb.base/watchpoint-hw.exp @V@/gdb/testsuite/gdb.base/wp-hw.exp
@V@/gdb/testsuite/gdb.base/watchpoint-solib.exp @V@/gdb/testsuite/gdb.base/wp-solib.exp
@V@/gdb/testsuite/gdb.base/watchpoint-cond-gone.exp @V@/gdb/testsuite/gdb.base/wpcondg.exp
@V@/gdb/testsuite/gdb.base/watchpoint-cond-gone.c @V@/gdb/testsuite/gdb.base/wpcondg.c
@V@/gdb/testsuite/gdb.base/watchpoint-cond-gone-stripped.c @V@/gdb/testsuite/gdb.base/wpcondgs.c
@V@/gdb/testsuite/gdb.cp/m-static1.cc @V@/gdb/testsuite/gdb.cp/m-stat1.cc
@V@/gdb/testsuite/gdb.cp/namespace1.cc @V@/gdb/testsuite/gdb.cp/namesp1.cc
@V@/gdb/testsuite/gdb.cp/namespace-nested-import.cc @V@/gdb/testsuite/gdb.cp/nnested.cc
@V@/gdb/testsuite/gdb.cp/namespace-using.cc @V@/gdb/testsuite/gdb.cp/nusing.cc
@V@/gdb/testsuite/gdb.cp/namespace-nested-import.exp @V@/gdb/testsuite/gdb.cp/nnested.exp
@V@/gdb/testsuite/gdb.cp/namespace-using.exp @V@/gdb/testsuite/gdb.cp/nusing.exp
@V@/gdb/testsuite/gdb.cp/mb-inline1.cc @V@/gdb/testsuite/gdb.cp/mb-inln1.cc
@V@/gdb/testsuite/gdb.cp/mb-inline2.cc @V@/gdb/testsuite/gdb.cp/mb-inln2.cc
@V@/gdb/testsuite/gdb.dwarf2/dw2-intermix.exp @V@/gdb/testsuite/gdb.dwarf2/dw2-intmix.exp
@V@/gdb/testsuite/gdb.dwarf2/dw2-intermix.S @V@/gdb/testsuite/gdb.dwarf2/dw2-intmix.S
@V@/gdb/testsuite/gdb.dwarf2/dw2-ranges.S @V@/gdb/testsuite/gdb.dwarf2/dw2-rng.S
@V@/gdb/testsuite/gdb.dwarf2/dw2-ranges2.S @V@/gdb/testsuite/gdb.dwarf2/dw2-rng2.S
@V@/gdb/testsuite/gdb.dwarf2/dw2-ranges3.S @V@/gdb/testsuite/gdb.dwarf2/dw2-rng3.S
@V@/gdb/testsuite/gdb.gdbtk/ChangeLog @V@/gdb/testsuite/gdb.tk/ChangeLog
@V@/gdb/testsuite/gdb.gdbtk/Makefile.in @V@/gdb/testsuite/gdb.tk/Makefile.in
@V@/gdb/testsuite/gdb.gdbtk/browser.exp @V@/gdb/testsuite/gdb.tk/browser.exp
@V@/gdb/testsuite/gdb.gdbtk/browser.test @V@/gdb/testsuite/gdb.tk/browser.test
@V@/gdb/testsuite/gdb.gdbtk/c_variable.c @V@/gdb/testsuite/gdb.tk/c_variable.c
@V@/gdb/testsuite/gdb.gdbtk/c_variable.exp @V@/gdb/testsuite/gdb.tk/c_variable.exp
@V@/gdb/testsuite/gdb.gdbtk/c_variable.test @V@/gdb/testsuite/gdb.tk/c_variable.test
@V@/gdb/testsuite/gdb.gdbtk/configure @V@/gdb/testsuite/gdb.tk/configure
@V@/gdb/testsuite/gdb.gdbtk/configure.in @V@/gdb/testsuite/gdb.tk/configure.in
@V@/gdb/testsuite/gdb.gdbtk/console.exp @V@/gdb/testsuite/gdb.tk/console.exp
@V@/gdb/testsuite/gdb.gdbtk/console.test @V@/gdb/testsuite/gdb.tk/console.test
@V@/gdb/testsuite/gdb.gdbtk/cpp_variable.cc @V@/gdb/testsuite/gdb.tk/cpp_variable.cc
@V@/gdb/testsuite/gdb.gdbtk/cpp_variable.exp @V@/gdb/testsuite/gdb.tk/cpp_variable.exp
@V@/gdb/testsuite/gdb.gdbtk/cpp_variable.h @V@/gdb/testsuite/gdb.tk/cpp_variable.h
@V@/gdb/testsuite/gdb.gdbtk/cpp_variable.test @V@/gdb/testsuite/gdb.tk/cpp_variable.test
@V@/gdb/testsuite/gdb.gdbtk/defs @V@/gdb/testsuite/gdb.tk/defs
@V@/gdb/testsuite/gdb.gdbtk/list0.c @V@/gdb/testsuite/gdb.tk/list0.c
@V@/gdb/testsuite/gdb.gdbtk/list0.h @V@/gdb/testsuite/gdb.tk/list0.h
@V@/gdb/testsuite/gdb.gdbtk/list1.c @V@/gdb/testsuite/gdb.tk/list1.c
@V@/gdb/testsuite/gdb.gdbtk/README @V@/gdb/testsuite/gdb.tk/README
@V@/gdb/testsuite/gdb.gdbtk/simple.c @V@/gdb/testsuite/gdb.tk/simple.c
@V@/gdb/testsuite/gdb.gdbtk/srcwin.exp @V@/gdb/testsuite/gdb.tk/srcwin.exp
@V@/gdb/testsuite/gdb.gdbtk/srcwin.test @V@/gdb/testsuite/gdb.tk/srcwin.test
@V@/gdb/testsuite/gdb.gdbtk/srcwin2.test @V@/gdb/testsuite/gdb.tk/srcwin2.test
@V@/gdb/testsuite/gdb.gdbtk/srcwin3.test @V@/gdb/testsuite/gdb.tk/srcwin3.test
@V@/gdb/testsuite/gdb.gdbtk/stack1.c @V@/gdb/testsuite/gdb.tk/stack1.c
@V@/gdb/testsuite/gdb.gdbtk/stack2.c @V@/gdb/testsuite/gdb.tk/stack2.c
@V@/gdb/testsuite/gdb.gdbtk/windows.exp @V@/gdb/testsuite/gdb.tk/windows.exp
@V@/gdb/testsuite/gdb.gdbtk/windows.test @V@/gdb/testsuite/gdb.tk/windows.test
@V@/gdb/testsuite/gdb.mi/mi-var-cmd.exp @V@/gdb/testsuite/gdb.mi/mi-varcmd.exp
@V@/gdb/testsuite/gdb.mi/mi-var-child.exp @V@/gdb/testsuite/gdb.mi/mi-varchild.exp
@V@/gdb/testsuite/gdb.mi/mi-var-child-f.exp @V@/gdb/testsuite/gdb.mi/mi-fvarchild.exp
@V@/gdb/testsuite/gdb.mi/mi1-var-block.exp @V@/gdb/testsuite/gdb.mi/mi1varblock.exp
@V@/gdb/testsuite/gdb.mi/mi1-var-child.exp @V@/gdb/testsuite/gdb.mi/mi1varchild.exp
@V@/gdb/testsuite/gdb.mi/mi1-var-cmd.exp @V@/gdb/testsuite/gdb.mi/mi1varcmd.exp
@V@/gdb/testsuite/gdb.mi/mi1-var-display.exp @V@/gdb/testsuite/gdb.mi/mi1vardisplay.exp
@V@/gdb/testsuite/gdb.mi/mi2-var-block.exp @V@/gdb/testsuite/gdb.mi/mi2varblock.exp
@V@/gdb/testsuite/gdb.mi/mi2-var-child.exp @V@/gdb/testsuite/gdb.mi/mi2varchild.exp
@V@/gdb/testsuite/gdb.mi/mi2-var-cmd.exp @V@/gdb/testsuite/gdb.mi/mi2varcmd.exp
@V@/gdb/testsuite/gdb.mi/mi2-var-display.exp @V@/gdb/testsuite/gdb.mi/mi2vardisplay.exp
@V@/gdb/testsuite/gdb.mi/mi-nonstop-exit.exp @V@/gdb/testsuite/gdb.mi/minonstop-exit.exp
@V@/gdb/testsuite/gdb.mi/non-stop-exit.c @V@/gdb/testsuite/gdb.mi/nonstop-exit.c
@V@/gdb/testsuite/gdb.threads/watchthreads2.c @V@/gdb/testsuite/gdb.threads/watchth2.c
@V@/gdb/testsuite/gdb.threads/watchthreads2.exp @V@/gdb/testsuite/gdb.threads/watchth2.exp
@V@/gdb/amd64-linux-tdep.c @V@/gdb/amd64-ltdep.c
@V@/gdb/amd64-linux-nat.c @V@/gdb/amd64-lnat.c
@V@/gdb/hppa-linux-tdep.c @V@/gdb/palnxtdep.c
@V@/gdb/hppa-linux-nat.c @V@/gdb/palnxnat.c
@V@/gdb/hppa-nbsd-nat.c @V@/gdb/panbsd-nat.c
@V@/gdb/hppa-nbsd-tdep.c @V@/gdb/panbsd-tdep.c
@V@/gdb/amd64-windows-nat.c @V@/gdb/amd64-wnat.c
@V@/gdb/amd64-windows-tdep.c @V@/gdb/amd64-wtdep.c
@V@/gdb/i386-windows-nat.c @V@/gdb/i386-wnat.c
@V@/gdb/windows-nat.c @V@/gdb/win-nat.c
@V@/gdb/windows-nat.h @V@/gdb/win-nat.h
@V@/gdb/windows-tdep.c @V@/gdb/win-tdep.c
@V@/gdb/windows-tdep.h @V@/gdb/win-tdep.h
@V@/gdb/windows-termcap.c @V@/gdb/win-tcap.c
@V@/gdb/xtensa-linux-nat.c @V@/gdb/xtlinuxnat.c
@V@/gdb/xtensa-linux-tdep.c @V@/gdb/xtlinuxtdep.c
@V@/include/ChangeLog-9103 @V@/include/ChangeLog.9103
@V@/include/coff/ChangeLog-9103 @V@/include/coff/ChangeLog.9103
@V@/include/elf/ChangeLog-9103 @V@/include/elf/ChangeLog.9103
@V@/include/opcode/ChangeLog-9103 @V@/include/opcode/ChangeLog.9103
@V@/include/xtensa-isa-internal.h @V@/include/xt-internal.h
@V@/include/xtensa-isa.h @V@/include/xt-isa.h
@V@/intl/intlh.inst.in @V@/intl/intlh_inst.in
@V@/intl/po2tbl.sed.in @V@/intl/po2tblsed.in
@V@/intl/config.intl.in @V@/intl/config_intl.in
@V@/intl/config.h.in @V@/intl/config.h-in
@V@/itcl/itcl/itclConfig.sh.in @V@/itcl/itcl/itclConfig.sh-in
@V@/itcl/itcl/unix/pkgIndex.tcl.in @V@/itcl/itcl/unix/pkgIndex.t-in
@V@/itcl/itk/itkConfig.sh.in @V@/itcl/itk/itkConfig.sh-in
@V@/itcl/itk/unix/pkgIndex.tcl.in @V@/itcl/itk/unix/pkgIndex.t-in
@V@/itcl/iwidgets3.0.0 @V@/itcl/iwidgets3.0-0
@V@/libgui/config.h.in @V@/libgui/config.h-in
@V@/libgui/src/tkTableCell.c @V@/libgui/src/tkTabCell.c
@V@/libgui/src/tkTableCmd.c @V@/libgui/src/tkTabCmd.c
@V@/libgui/src/tkWinPrintCanvas.c @V@/libgui/src/tkWPrtCanvas.c
@V@/libgui/src/tkWinPrintText.c @V@/libgui/src/tkWPrtText.c
@V@/opcodes/ChangeLog-9297 @V@/opcodes/ChangeLog.9297
@V@/opcodes/ChangeLog-9899 @V@/opcodes/ChangeLog.9899
@V@/opcodes/ChangeLog-0001 @V@/opcodes/ChangeLog.0001
@V@/opcodes/ChangeLog-0203 @V@/opcodes/ChangeLog.0203
@V@/opcodes/ChangeLog-2004 @V@/opcodes/ChangeLog.004
@V@/opcodes/ChangeLog-2005 @V@/opcodes/ChangeLog.005
@V@/opcodes/ChangeLog-2006 @V@/opcodes/ChangeLog.006
@V@/opcodes/ChangeLog-2007 @V@/opcodes/ChangeLog.007
@V@/opcodes/ChangeLog-2008 @V@/opcodes/ChangeLog.008
@V@/opcodes/ia64-opc-a.c @V@/opcodes/ia64opca.c
@V@/opcodes/ia64-opc-b.c @V@/opcodes/ia64opcb.c
@V@/opcodes/ia64-opc-d.c @V@/opcodes/ia64opcd.c
@V@/opcodes/ia64-opc-f.c @V@/opcodes/ia64opcf.c
@V@/opcodes/ia64-opc-i.c @V@/opcodes/ia64opci.c
@V@/opcodes/ia64-opc-m.c @V@/opcodes/ia64opcm.c
@V@/opcodes/ia64-opc-x.c @V@/opcodes/ia64opcx.c
@V@/opcodes/ia64-opc.c @V@/opcodes/ia64-opc.c
@V@/opcodes/iq2000-desc.c @V@/opcodes/iq2000desc.c
@V@/opcodes/iq2000-dis.c @V@/opcodes/iq2000dis.c
@V@/opcodes/microblaze-opc.h @V@/opcodes/mb-opc.h
@V@/opcodes/microblaze-dis.c @V@/opcodes/mb-dis.c
@V@/opcodes/microblaze-dis.h @V@/opcodes/mb-dis.h
@V@/opcodes/microblaze-opcm.h @V@/opcodes/mb-opcm.h
@V@/opcodes/m68hc11-dis.c @V@/opcodes/m68hc11dis.c
@V@/opcodes/m68hc11-opc.c @V@/opcodes/m68hc11opc.c
@V@/opcodes/microblaze-opc.h @V@/opcodes/mbl-opc.h
@V@/opcodes/microblaze-opcm.h @V@/opcodes/mbl-opcm.h
@V@/opcodes/openrisc-asm.c @V@/opcodes/orisc-asm.c
@V@/opcodes/openrisc-desc.c @V@/opcodes/orisc-desc.c
@V@/opcodes/openrisc-dis.c @V@/opcodes/orisc-dis.c
@V@/opcodes/openrisc-ibld.c @V@/opcodes/orisc-ibld.c
@V@/opcodes/openrisc-opc.c @V@/opcodes/orisc-opc.c
@V@/opcodes/openrisc-opc.h @V@/opcodes/orisc-opc.h
@V@/opcodes/openrisc-desc.h @V@/opcodes/orisc-desc.h
@V@/opcodes/xstormy16-asm.c @V@/opcodes/xst16asm.c
@V@/opcodes/xstormy16-desc.c @V@/opcodes/xst16dsc.c
@V@/opcodes/xstormy16-desc.h @V@/opcodes/xst16dsc.h
@V@/opcodes/xstormy16-dis.c @V@/opcodes/xst16dis.c
@V@/opcodes/xstormy16-ibld.c @V@/opcodes/xst16ibd.c
@V@/opcodes/xstormy16-opc.c @V@/opcodes/xst16opc.c
@V@/opcodes/xstormy16-opc.h @V@/opcodes/xst16opc.h
@V@/readline/config.h.bot @V@/readline/config.h-bot
@V@/readline/config.h.in @V@/readline/config.h-in
@V@/readline/examples/rlfe/config.h.in @V@/readline/examples/rlfe/config.h-in
@V@/sim/frv/profile-fr400.c @V@/sim/frv/fr400-profile.c
@V@/sim/cris/semcrisv10f-switch.c @V@/sim/cris/scrisv10f.c
@V@/sim/cris/semcrisv32f-switch.c @V@/sim/cris/scrisv32f.c
@V@/sim/frv/profile-fr400.h @V@/sim/frv/fr400-profile.h
@V@/sim/frv/profile-fr500.c @V@/sim/frv/fr500-profile.c
@V@/sim/frv/profile-fr500.h @V@/sim/frv/fr500-profile.h
@V@/sim/frv/profile-fr550.c @V@/sim/frv/fr550-profile.c
@V@/sim/frv/profile-fr550.h @V@/sim/frv/fr550-profile.h
@V@/sim/microblaze @V@/sim/mb
@V@/sim/microblaze/microblaze.h @V@/sim/mb/mb.h
@V@/sim/microblaze/microblaze.isa @V@/sim/mb/mb.isa
@V@/sim/m68hc11/dv-m68hc11eepr.c @V@/sim/m68hc11/dv-eepr.c
@V@/sim/m68hc11/dv-m68hc11sio.c @V@/sim/m68hc11/dv-sio.c
@V@/sim/m68hc11/dv-m68hc11spi.c @V@/sim/m68hc11/dv-spi.c
@V@/sim/m68hc11/dv-m68hc11tim.c @V@/sim/m68hc11/dv-tim.c
@V@/sim/mips/dv-tx3904irc.c @V@/sim/mips/dv-tx3irc.c
@V@/sim/mips/dv-tx3904sio.c @V@/sim/mips/dv-tx3sio.c
@V@/sim/mips/dv-tx3904tmr.c @V@/sim/mips/dv-tx3tmr.c
@V@/sim/mn10300/dv-mn103int.c @V@/sim/mn10300/dv-mn1int.c
@V@/sim/mn10300/dv-mn103iop.c @V@/sim/mn10300/dv-mn1iop.c
@V@/sim/mn10300/dv-mn103ser.c @V@/sim/mn10300/dv-mn1ser.c
@V@/sim/mn10300/dv-mn103tim.c @V@/sim/mn10300/dv-mn1tim.c
@V@/sim/ppc/.gdbinit @V@/sim/ppc/gdb.ini
@V@/sim/ppc/corefile-n.h @V@/sim/ppc/corefle-n.h
@V@/sim/ppc/altivec_expression.h @V@/sim/ppc/av_expression.h
@V@/sim/ppc/altivec_registers.h @V@/sim/ppc/av_registers.h
@V@/sim/ppc/idecode_branch.h @V@/sim/ppc/idec_branch.h
@V@/sim/ppc/idecode_expression.h @V@/sim/ppc/idec_expression.h
@V@/sim/ppc/idecode_fields.h @V@/sim/ppc/idec_fields.h
@V@/sim/ppc/sim-endian-n.h @V@/sim/ppc/sim-endn.h
@V@/sim/sh64/sem-compact-switch.c @V@/sim/sh64/sem-cswitch.c
@V@/sim/sh64/sem-media-switch.c @V@/sim/sh64/sem-mswitch.c
@V@/sim/testsuite/d10v-elf/t-ae-ld-d.s @V@/sim/testsuite/d10v-elf/t-ld-d.s
@V@/sim/testsuite/d10v-elf/t-ae-ld-i.s @V@/sim/testsuite/d10v-elf/t-ld-i.s
@V@/sim/testsuite/d10v-elf/t-ae-ld-id.s @V@/sim/testsuite/d10v-elf/t-ld-id.s
@V@/sim/testsuite/d10v-elf/t-ae-ld-im.s @V@/sim/testsuite/d10v-elf/t-ld-im.s
@V@/sim/testsuite/d10v-elf/t-ae-ld-ip.s @V@/sim/testsuite/d10v-elf/t-ld-ip.s
@V@/sim/testsuite/d10v-elf/t-ae-ld2w-d.s @V@/sim/testsuite/d10v-elf/t-ld2-d.s
@V@/sim/testsuite/d10v-elf/t-ae-ld2w-i.s @V@/sim/testsuite/d10v-elf/t-ld2-i.s
@V@/sim/testsuite/d10v-elf/t-ae-ld2w-id.s @V@/sim/testsuite/d10v-elf/t-ld2-id.s
@V@/sim/testsuite/d10v-elf/t-ae-ld2w-im.s @V@/sim/testsuite/d10v-elf/t-ld2-im.s
@V@/sim/testsuite/d10v-elf/t-ae-ld2w-ip.s @V@/sim/testsuite/d10v-elf/t-ld2-ip.s
@V@/sim/testsuite/d10v-elf/t-ae-st-d.s @V@/sim/testsuite/d10v-elf/t-st-d.s
@V@/sim/testsuite/d10v-elf/t-ae-st-i.s @V@/sim/testsuite/d10v-elf/t-st-i.s
@V@/sim/testsuite/d10v-elf/t-ae-st-id.s @V@/sim/testsuite/d10v-elf/t-st-id.s
@V@/sim/testsuite/d10v-elf/t-ae-st-im.s @V@/sim/testsuite/d10v-elf/t-st-im.s
@V@/sim/testsuite/d10v-elf/t-ae-st-ip.s @V@/sim/testsuite/d10v-elf/t-st-ip.s
@V@/sim/testsuite/d10v-elf/t-ae-st-is.s @V@/sim/testsuite/d10v-elf/t-st-is.s
@V@/sim/testsuite/d10v-elf/t-ae-st2w-d.s @V@/sim/testsuite/d10v-elf/t-st2-d.s
@V@/sim/testsuite/d10v-elf/t-ae-st2w-i.s @V@/sim/testsuite/d10v-elf/t-st2-i.s
@V@/sim/testsuite/d10v-elf/t-ae-st2w-id.s @V@/sim/testsuite/d10v-elf/t-st2-id.s
@V@/sim/testsuite/d10v-elf/t-ae-st2w-im.s @V@/sim/testsuite/d10v-elf/t-st2-im.s
@V@/sim/testsuite/d10v-elf/t-ae-st2w-ip.s @V@/sim/testsuite/d10v-elf/t-st2-ip.s
@V@/sim/testsuite/d10v-elf/t-ae-st2w-is.s @V@/sim/testsuite/d10v-elf/t-st2-is.s
@V@/sim/testsuite/d30v-elf/ls-ld4bhu.S @V@/sim/testsuite/d30v-elf/ls-ld4bu.S
@V@/sim/testsuite/sim/arm/misaligned1.ms @V@/sim/testsuite/sim/arm/mis1.ms
@V@/sim/testsuite/sim/arm/misaligned2.ms @V@/sim/testsuite/sim/arm/mis2.ms
@V@/sim/testsuite/sim/arm/misaligned3.ms @V@/sim/testsuite/sim/arm/mis3.ms
@V@/sim/testsuite/sim/cris/asm/tjmpsrv32-2.ms @V@/sim/testsuite/sim/cris/tjmp32-2.ms
@V@/sim/testsuite/sim/cris/asm/tjmpsrv32.ms @V@/sim/testsuite/sim/cris/tjmp32.ms
@V@/sim/testsuite/sim/cris/c/ftruncate1.c @V@/sim/testsuite/sim/cris/ftrunc1.c
@V@/sim/testsuite/sim/cris/c/ftruncate2.c @V@/sim/testsuite/sim/cris/ftrunc2.c
@V@/sim/testsuite/sim/cris/c/hellodyn2.c @V@/sim/testsuite/sim/cris/c/hello2dyn.c
@V@/sim/testsuite/sim/cris/c/hellodyn3.c @V@/sim/testsuite/sim/cris/c/hello3dyn.c
@V@/sim/testsuite/sim/cris/c/mprotect1.c @V@/sim/testsuite/sim/cris/c/mprot1.c
@V@/sim/testsuite/sim/cris/c/mprotect2.c @V@/sim/testsuite/sim/cris/c/mprot2.c
@V@/sim/testsuite/sim/cris/c/readlink1.c @V@/sim/testsuite/sim/cris/rdlink1.c
@V@/sim/testsuite/sim/cris/c/readlink2.c @V@/sim/testsuite/sim/cris/rdlink2.c
@V@/sim/testsuite/sim/cris/c/readlink3.c @V@/sim/testsuite/sim/cris/rdlink3.c
@V@/sim/testsuite/sim/cris/c/readlink4.c @V@/sim/testsuite/sim/cris/rdlink4.c
@V@/sim/testsuite/sim/cris/c/readlink5.c @V@/sim/testsuite/sim/cris/rdlink5.c
@V@/sim/testsuite/sim/cris/c/readlink6.c @V@/sim/testsuite/sim/cris/rdlink6.c
@V@/sim/testsuite/sim/cris/c/readlink7.c @V@/sim/testsuite/sim/cris/rdlink7.c
@V@/sim/testsuite/sim/cris/c/readlink8.c @V@/sim/testsuite/sim/cris/rdlink8.c
@V@/sim/testsuite/sim/cris/c/readlink9.c @V@/sim/testsuite/sim/cris/rdlink9.c
@V@/sim/testsuite/sim/cris/c/readlink10.c @V@/sim/testsuite/sim/cris/rdlink10.c
@V@/sim/testsuite/sim/cris/c/rtsigprocmask1.c @V@/sim/testsuite/sim/cris/c/rtsig1procmask.c
@V@/sim/testsuite/sim/cris/c/rtsigprocmask2.c @V@/sim/testsuite/sim/cris/c/rtsig2procmask.c
@V@/sim/testsuite/sim/cris/c/rtsigsuspend1.c @V@/sim/testsuite/sim/cris/c/rtsig1suspend.c
@V@/sim/testsuite/sim/cris/c/rtsigsuspend2.c @V@/sim/testsuite/sim/cris/c/rtsig2suspend.c
@V@/sim/testsuite/sim/cris/c/sigreturn1.c @V@/sim/testsuite/sim/cris/sigret1.c
@V@/sim/testsuite/sim/cris/c/sigreturn2.c @V@/sim/testsuite/sim/cris/sigret2.c
@V@/sim/testsuite/sim/cris/c/sigreturn3.c @V@/sim/testsuite/sim/cris/sigret3.c
@V@/sim/testsuite/sim/cris/c/sigreturn4.c @V@/sim/testsuite/sim/cris/sigret4.c
@V@/sim/testsuite/sim/cris/c/truncate1.c @V@/sim/testsuite/sim/cris/trunc1.c
@V@/sim/testsuite/sim/cris/c/truncate2.c @V@/sim/testsuite/sim/cris/trunc2.c
@V@/sim/testsuite/sim/mips/fpu64-ps-sb1.s @V@/sim/testsuite/sim/mips/fpu64ps-sb1.s
@V@/sim/testsuite/sim/mips/mips32-dsp2.s @V@/sim/testsuite/sim/mips/mips32-2dsp.s
@V@/sim/testsuite/sim/frv/interrupts/Ipipe-fr400.cgs @V@/sim/testsuite/sim/frv/interrupts/Ip-fr400.cgs
@V@/sim/testsuite/sim/frv/interrupts/Ipipe-fr500.cgs @V@/sim/testsuite/sim/frv/interrupts/Ip-fr500.cgs
@V@/sim/testsuite/sim/frv/interrupts/badalign-fr550.cgs @V@/sim/testsuite/sim/frv/interrupts/fr550-badalign.cgs
@V@/sim/testsuite/sim/frv/interrupts/compound-fr550.cgs @V@/sim/testsuite/sim/frv/interrupts/fr550-compound.cgs
@V@/sim/testsuite/sim/frv/interrupts/data_store_error-fr550.cgs @V@/sim/testsuite/sim/frv/interrupts/fr550-data_store_error.cgs
@V@/sim/testsuite/sim/frv/interrupts/fp_exception-fr550.cgs @V@/sim/testsuite/sim/frv/interrupts/fr550-fp_exception.cgs
@V@/sim/testsuite/sim/frv/interrupts/insn_access_error-fr550.cgs @V@/sim/testsuite/sim/frv/interrupts/fr550-insn_access_error.cgs
@V@/sim/testsuite/sim/mips/hilo-hazard-1.s @V@/sim/testsuite/sim/mips/hilo-hz1.s
@V@/sim/testsuite/sim/mips/hilo-hazard-2.s @V@/sim/testsuite/sim/mips/hilo-hz2.s
@V@/sim/testsuite/sim/mips/hilo-hazard-3.s @V@/sim/testsuite/sim/mips/hilo-hz3.s
@V@/sim/testsuite/sim/sh64/compact/ldsl-mach.cgs @V@/sim/testsuite/sim/sh64/compact/mach-ldsl.cgs
@V@/sim/testsuite/sim/sh64/compact/ldsl-macl.cgs @V@/sim/testsuite/sim/sh64/compact/macl-ldsl.cgs
@V@/sim/testsuite/sim/sh64/compact/stsl-mach.cgs @V@/sim/testsuite/sim/sh64/compact/mach-stsl.cgs
@V@/sim/testsuite/sim/sh64/compact/stsl-macl.cgs @V@/sim/testsuite/sim/sh64/compact/macl-stsl.cgs
@V@/tcl/cygwin/tclConfig.sh.in @V@/tcl/cygwin/tclConfig.sh-in
@V@/tcl/doc/ExprLongObj.3 @V@/tcl/doc/ExprLObj.3
@V@/tcl/mac/tclMacBOAAppInit.c @V@/tcl/mac/tclBOAAppInit.c
@V@/tcl/mac/tclMacBOAMain.c @V@/tcl/mac/tclBOAMain.c
@V@/tcl/mac/tclMacInit.c @V@/tcl/mac/tclInit.c
@V@/tcl/mac/tclMacInterupt.c @V@/tcl/mac/tclInterupt.c
@V@/tcl/mac/tclMacProjects.sea.hqx @V@/tcl/mac/tclMacProjects.shqx
@V@/tcl/tests/namespace-old.test @V@/tcl/tests/namespace.otest
@V@/tcl/unix/tclConfig.sh.in @V@/tcl/unix/tclConfig.sh-in
@V@/tcl/unix/tclLoadAix.c @V@/tcl/unix/tclLdAix.c
@V@/tcl/unix/tclLoadAout.c @V@/tcl/unix/tclLdAout.c
@V@/tcl/unix/tclLoadDl.c @V@/tcl/unix/tclLdDl.c
@V@/tcl/unix/tclLoadDld.c @V@/tcl/unix/tclLdDld.c
@V@/tcl/unix/tclUnixFCmd.c @V@/tcl/unix/tclFCmd.c
@V@/tcl/unix/tclUnixFile.c @V@/tcl/unix/tclFile.c
@V@/tcl/unix/tclUnixTest.c @V@/tcl/unix/tclTest.c
@V@/tcl/unix/tclUnixTime.c @V@/tcl/unix/tclTime.c
@V@/tk/doc/ConfigWidg.3 @V@/tk/doc/CfgWidg.3
@V@/tk/doc/ConfigWind.3 @V@/tk/doc/CfgWind.3
@V@/tk/library/images/pwrdLogo100.gif @V@/tk/library/images/pwLogo100.gif
@V@/tk/library/images/pwrdLogo150.gif @V@/tk/library/images/pwLogo150.gif
@V@/tk/library/images/pwrdLogo175.gif @V@/tk/library/images/pwLogo175.gif
@V@/tk/library/images/pwrdLogo200.gif @V@/tk/library/images/pwLogo200.gif
@V@/tk/library/images/pwrdLogo75.gif @V@/tk/library/images/pwLogo75.gif
@V@/tk/mac/tkMacMenu.c @V@/tk/mac/tkMenu.c
@V@/tk/mac/tkMacMenubutton.c @V@/tk/mac/tkMenubutton.c
@V@/tk/mac/tkMacMenus.c @V@/tk/mac/tkMenus.c
@V@/tk/tests/option.file1 @V@/tk/tests/option1.file
@V@/tk/tests/option.file2 @V@/tk/tests/option2.file
@V@/tk/unix/tkConfig.sh.in @V@/tk/unix/tkConfig.sh-in
@V@/tk/unix/tkUnixFocus.c @V@/tk/unix/tkFocus.c
@V@/tk/unix/tkUnixFont.c @V@/tk/unix/tkFont.c
@V@/tk/unix/tkUnixMenu.c @V@/tk/unix/tkMenu.c
@V@/tk/unix/tkUnixMenubu.c @V@/tk/unix/tkMenubu.c
@V@/tk/unix/tkUnixScale.c @V@/tk/unix/tkScale.c
@V@/tk/unix/tkUnixScrlbr.c @V@/tk/unix/tkScrlbr.c
@V@/tk/unix/tkUnixSelect.c @V@/tk/unix/tkSelect.c
@V@/tk/unix/tkUnixSend.c @V@/tk/unix/tkSend.c
